// Jest Snapshot v1, https://goo.gl/fbAQLP

exports[`<ForecastList /> renders correctly 1`] = `
<ScrollViewMock>
  <View
    style={
      Object {
        "flex": 1,
        "justifyContent": "center",
      }
    }
  >
    <View
      key="2018-08-21 12:00:00"
      style={
        Object {
          "alignItems": "center",
          "flexDirection": "row",
          "margin": 1,
          "padding": 10,
          "paddingLeft": 30,
          "paddingRight": 30,
        }
      }
    >
      <View
        style={
          Object {
            "flex": 2,
          }
        }
      >
        <Text
          style={
            Object {
              "color": undefined,
              "fontSize": 15,
            }
          }
        >
          Tue 12pm
        </Text>
      </View>
      <View
        style={
          Object {
            "flex": 1,
            "flexDirection": "row",
          }
        }
      >
        <Image
          source={
            Object {
              "uri": "http://openweathermap.org/img/w/10d.png",
            }
          }
          style={
            Object {
              "height": 30,
              "marginLeft": 10,
              "width": 30,
            }
          }
        />
      </View>
      <View
        style={
          Object {
            "flex": 1,
          }
        }
      >
        <Text
          style={
            Object {
              "color": undefined,
              "fontSize": 15,
              "fontWeight": "bold",
            }
          }
        >
          291.928
        </Text>
      </View>
      <View
        style={
          Object {
            "flex": 1,
          }
        }
      >
        <Text
          style={
            Object {
              "color": undefined,
              "fontSize": 15,
            }
          }
        >
          290.19
        </Text>
      </View>
    </View>
  </View>
</ScrollViewMock>
`;

exports[`<ForecastList /> renders correctly when empty array passed correctly 1`] = `
<ScrollViewMock>
  <View
    style={
      Object {
        "flex": 1,
        "justifyContent": "center",
      }
    }
  />
</ScrollViewMock>
`;
