// Jest Snapshot v1, https://goo.gl/fbAQLP

exports[`<InfoModal /> renders correctly 1`] = `
<View>
  <Component
    animationType="slide"
    hardwareAccelerated={false}
    onRequestClose={[Function]}
    transparent={false}
    visible={true}
  >
    <BackgroundImage
      currentWeather="clear"
    />
    <View
      style={
        Object {
          "flex": 1,
          "margin": 20,
          "marginTop": 20,
        }
      }
    >
      <View
        style={
          Object {
            "alignItems": "center",
            "marginBottom": 30,
            "marginTop": 30,
          }
        }
      >
        <Text
          style={
            Object {
              "color": "white",
              "fontSize": 20,
            }
          }
        >
          About
        </Text>
      </View>
      <View
        style={
          Object {
            "marginBottom": 15,
            "marginTop": 10,
          }
        }
      >
        <Text
          style={
            Object {
              "color": "white",
            }
          }
        >
          This is a cross-platform weather app developed with React Native. You are currently using the 
          iOS
           version of the app.
        </Text>
      </View>
      <View
        style={
          Object {
            "marginBottom": 15,
            "marginTop": 10,
          }
        }
      >
        <Text
          style={
            Object {
              "color": "white",
            }
          }
        >
          Functionality: you can enter the name of a city and see the current weather and conditions. You will also see a 5-day/3-hour forecast for the city's weather conditions.
        </Text>
      </View>
      <View
        style={
          Object {
            "marginBottom": 15,
            "marginTop": 10,
          }
        }
      >
        <Text
          style={
            Object {
              "color": "white",
            }
          }
        >
          Data: weather data is provided by 
          <Text
            onPress={[Function]}
            style={
              Object {
                "color": "blue",
              }
            }
          >
            OpenWeatherMap
          </Text>
          . There is currently a limit of 60 requests per minute (across all users!) so please be patient. Data is refreshed on the server every 10 minutes.
        </Text>
      </View>
      <View
        style={
          Object {
            "marginBottom": 15,
            "marginTop": 10,
          }
        }
      >
        <Text
          style={
            Object {
              "color": "white",
            }
          }
        >
          This application was developed by Sam Ollason. Please see 
          <Text
            onPress={[Function]}
            style={
              Object {
                "color": "blue",
              }
            }
          >
            here
          </Text>
           for more information.
        </Text>
      </View>
      <View
        style={
          Object {
            "marginBottom": 15,
            "marginTop": 10,
          }
        }
      >
        <Text
          style={
            Object {
              "color": "white",
            }
          }
        >
          Privacy: We do not store or log any of your data. For more privacy and support information please see 
          <Text
            onPress={[Function]}
            style={
              Object {
                "color": "blue",
              }
            }
          >
            here
          </Text>
          .
        </Text>
      </View>
      <Button
        accessibilityLabel="Close the information popup"
        color="#841584"
        title="Close"
      />
    </View>
  </Component>
</View>
`;
